[2026-08-30 11:54:49,686] INFO in app: REQUEST RECIEVED: {
    "path": "/revoke",
    "body": "placeholder"
}
[2026-08-30 11:54:53,571] INFO in app: REQUEST RECIEVED: {
    "path": "/refresh",
    "body": "placeholder"
}
[2026-08-30 11:54:56,012] INFO in app: REQUEST RECIEVED: {
    "path": "/generate",
    "body": {
        "aud": [
            "projectservice",
            "crochetedly"
        ],
        "projects": [
            "crochetedly"
        ],
        "custom_claims": {
            "fooNum": 123,
            "fooStr": "blah"
        }
    }
}
f[2026-08-30 12:08:48,632] INFO in app: REQUEST RECIEVED: {
    "path": "/generate",
    "body": {
        "aud": [
            "projectservice",
            "crochetedly"
        ],
        "projects": [
            "crochetedly"
        ],
        "custom_claims": {
            "fooNum": 123,
            "fooStr": "blah"
        }
    }
}
[2026-08-30 12:08:51,548] INFO in app: REQUEST RECIEVED: {
    "path": "/refresh",
    "body": "placeholder"
}
[2026-08-30 12:08:53,665] INFO in app: REQUEST RECIEVED: {
    "path": "/revoke",
    "body": "placeholder"
}
[2026-08-30 12:13:24,508] INFO in app: REQUEST RECIEVED: {
    "path": "/revoke",
    "body": "placeholder"
}
[2026-08-30 12:13:28,323] INFO in app: REQUEST RECIEVED: {
    "path": "/generate",
    "body": {
        "aud": [
            "projectservice",
            "crochetedly"
        ],
        "projects": [
            "crochetedly"
        ],
        "custom_claims": {
            "fooNum": 123,
            "fooStr": "blah"
        }
    }
}
